// 重构日志: d3dd76f2
// 重构日志: 7a34bc5f
// 重构日志: d0c84f9b
// 重构日志: 9f878b6e
// 重构日志: a4a30835
// 同步 ID: 1e3d0736 @ Fri Jul 17 07:24:41 UTC 2026
// 同步 ID: 6dc30297 @ Fri Jul 17 12:13:05 UTC 2026
// 重构日志: 769d267b
// 重构日志: 0a4be218
// 重构日志: f64a9f92
// 重构日志: 696f046e
// 同步 ID: 30edb659 @ Tue Jul 21 13:51:31 UTC 2026
// 重构日志: 445021d0
// 重构日志: 6027eac3
// 重构日志: e9dd2255
// 重构日志: 3bfdffcd
// 同步 ID: 39dd5480 @ Sun Jul 26 09:39:03 UTC 2026
// 重构日志: 4fbc3827
// 重构日志: f699acc4
// 同步 ID: b47d2411 @ Mon Jul 27 11:09:09 UTC 2026
// 重构日志: 9dc516b1
// 重构日志: 7b4a0f45
// 同步 ID: cfb6c75c @ Fri Jul 31 15:56:53 UTC 2026
// 同步 ID: ad8d2ca5 @ Sun Aug  2 21:31:01 UTC 2026
// 重构日志: 67be16cb
// 重构日志: 1f64a8d9
